:MSG:	Issue rclonesync command
../rclonesync.py ./testdir/path1/ ./testdir/path2/ --verbose --workdir ./testwd/ --no-datetime-log --rclone rclone
***** BiDirectional Sync for Cloud Services using rclone *****
Synching Path1  <./testdir/path1/>  with Path2  <./testdir/path2/>
Command line:  <Namespace(Path1='./testdir/path1/', Path2='./testdir/path2/', check_access=False, check_filename='RCLONE_TEST', dry_run=False, filters_file=None, first_sync=False, force=False, max_deletes=50, no_datetime_log=True, rc_verbose=None, rclone='rclone', remove_empty_directories=False, verbose=True, workdir='./testwd/')>
>>>>> Path1 Checking for Diffs
  Path1      File is newer                     - subdir/file20.txt
  Path1      File size is different            - subdir/file20.txt
     1 file change(s) on Path1:    0 new,    1 newer,    0 older,    0 deleted
>>>>> Path2 Checking for Diffs
  Path2      File is newer                     - file1.txt
  Path2      File size is different            - file1.txt
     1 file change(s) on Path2:    0 new,    1 newer,    0 older,    0 deleted
>>>>> Applying changes on Path2 to Path1
  Path2      Copying to Path1                  - ./testdir/path1/file1.txt
>>>>> Synching Path1 to Path2
>>>>> Refreshing Path1 and Path2 lsl files
>>>>> Successful run.  All done.

