:MSG:	1) Delete Path1 subdir/file20.txt
rclone delete ./testdir/path1//subdir/file20.txt
:MSG:	2) rclonesync without --remove-empty-directories
../rclonesync.py ./testdir/path1/ ./testdir/path2/ --verbose --workdir ./testwd/ --no-datetime-log --rclone rclone
***** BiDirectional Sync for Cloud Services using rclone *****
Synching Path1  <./testdir/path1/>  with Path2  <./testdir/path2/>
Command line:  <Namespace(Path1='./testdir/path1/', Path2='./testdir/path2/', check_access=False, check_filename='RCLONE_TEST', dry_run=False, filters_file=None, first_sync=False, force=False, max_deletes=50, no_datetime_log=True, rc_verbose=None, rclone='rclone', remove_empty_directories=False, verbose=True, workdir='./testwd/')>
>>>>> Path1 Checking for Diffs
  Path1      File was deleted                  - subdir/file20.txt
     1 file change(s) on Path1:    0 new,    0 newer,    0 older,    1 deleted
>>>>> Path2 Checking for Diffs
>>>>> No changes on Path2 - Skipping ahead
>>>>> Synching Path1 to Path2
>>>>> Refreshing Path1 and Path2 lsl files
>>>>> Successful run.  All done.

:MSG:	3) Confirm subdir exists on both paths
rclone lsf --dirs-only -R ./testdir/path1/
subdir/
rclone lsf --dirs-only -R ./testdir/path2/
subdir/
:MSG:	4) rclonesync with --remove-empty-directories
../rclonesync.py ./testdir/path1/ ./testdir/path2/ --remove-empty-directories --verbose --workdir ./testwd/ --no-datetime-log --rclone rclone
***** BiDirectional Sync for Cloud Services using rclone *****
Synching Path1  <./testdir/path1/>  with Path2  <./testdir/path2/>
Command line:  <Namespace(Path1='./testdir/path1/', Path2='./testdir/path2/', check_access=False, check_filename='RCLONE_TEST', dry_run=False, filters_file=None, first_sync=False, force=False, max_deletes=50, no_datetime_log=True, rc_verbose=None, rclone='rclone', remove_empty_directories=True, verbose=True, workdir='./testwd/')>
>>>>> Path1 Checking for Diffs
>>>>> Path2 Checking for Diffs
>>>>> No changes on Path2 - Skipping ahead
>>>>> No changes on Path1 or Path2 - Skipping sync from Path1 to Path2
>>>>> rmdirs Path1
>>>>> rmdirs Path2
>>>>> Refreshing Path1 and Path2 lsl files
>>>>> Successful run.  All done.

:MSG:	5) Confirm subdir has been removed on both paths
rclone lsf --dirs-only -R ./testdir/path1/
rclone lsf --dirs-only -R ./testdir/path2/
