# Test filters file - DIFFERENT
#  Note that this test checks for rclonesync's access to a filters file, not an extensive test of rclone's filter capability

# Exclude fileZ.txt in root only.  The copy in the subdir should be found and synced.
- /fileZ.txt
