:MSG:	Issue rclonesync with --filters-file.  Path2-side fileZ.txt is filtered.
../rclonesync.py ./testdir/path1/ ./testdir/path2/ --filters-file ./tests/test_filters/filtersfile.txt --verbose --workdir ./testwd/ --no-datetime-log --rclone rclone
***** BiDirectional Sync for Cloud Services using rclone *****
Synching Path1  <./testdir/path1/>  with Path2  <./testdir/path2/>
Command line:  <Namespace(Path1='./testdir/path1/', Path2='./testdir/path2/', check_access=False, check_filename='RCLONE_TEST', dry_run=False, filters_file='./tests/test_filters/filtersfile.txt', first_sync=False, force=False, max_deletes=50, no_datetime_log=True, rc_verbose=None, rclone='rclone', remove_empty_directories=False, verbose=True, workdir='./testwd/')>
Using filters-file  <./tests/test_filters/filtersfile.txt>
>>>>> Path1 Checking for Diffs
  Path1      File is new                       - subdir/fileZ.txt
     1 file change(s) on Path1:    1 new,    0 newer,    0 older,    0 deleted
>>>>> Path2 Checking for Diffs
>>>>> No changes on Path2 - Skipping ahead
>>>>> Synching Path1 to Path2
>>>>> Refreshing Path1 and Path2 lsl files
>>>>> Successful run.  All done.

